<?xml version="1.0" encoding="UTF-8" ?>
<testsuites name="vitest tests" tests="8" failures="0" errors="0" time="0.5298">
    <testsuite name="src/todo-app.stories.ts" timestamp="2025-04-17T14:24:22.634Z" hostname="APM3LMYF004WRWN" tests="8" failures="0" errors="0" skipped="0" time="0.5298">
        <testcase classname="src/todo-app.stories.ts" name="Happy Flow Story" time="0.0074">
        </testcase>
        <testcase classname="src/todo-app.stories.ts" name="Fetch Error" time="0.072">
            <system-out>
Captured interaction: GET request to /todos
Total interactions: 1
Captured interaction: GET request to /todos
Total interactions: 2
            </system-out>
        </testcase>
        <testcase classname="src/todo-app.stories.ts" name="Create Todo" time="0.0624">
            <system-out>
Captured interaction: GET request to /todos
Total interactions: 3
Captured interaction: POST request to /todos
Total interactions: 4
            </system-out>
        </testcase>
        <testcase classname="src/todo-app.stories.ts" name="Create Todo Error" time="0.0572">
            <system-out>
Captured interaction: GET request to /todos
Total interactions: 5
{
  &quot;date&quot;: &quot;01-01-2022&quot;,
  &quot;description&quot;: &quot;new Todo&quot;,
  &quot;done&quot;: false,
}
Captured interaction: POST request to /todos
Total interactions: 6
            </system-out>
        </testcase>
        <testcase classname="src/todo-app.stories.ts" name="Remove Todo" time="0.0544">
            <system-out>
Captured interaction: GET request to /todos
Total interactions: 7
            </system-out>
        </testcase>
        <testcase classname="src/todo-app.stories.ts" name="Toggle" time="0.0573">
            <system-out>
Captured interaction: DELETE request to /todos/2
Total interactions: 8
Captured interaction: GET request to /todos
Total interactions: 9
            </system-out>
        </testcase>
        <testcase classname="src/todo-app.stories.ts" name="Toggle Error" time="0.1105">
            <system-out>
Captured interaction: PUT request to /todos/2
Total interactions: 10
Captured interaction: GET request to /todos
Total interactions: 11
Captured interaction: GET request to /todos
Total interactions: 12
Captured interaction: PUT request to /todos/2
Total interactions: 13
            </system-out>
        </testcase>
        <testcase classname="src/todo-app.stories.ts" name="Remove Todo Error" time="0.1079">
            <system-out>
Captured interaction: GET request to /todos
Total interactions: 14
Captured interaction: DELETE request to /todos/2
Total interactions: 15
            </system-out>
        </testcase>
    </testsuite>
</testsuites>
